// Jest Snapshot v1, https://goo.gl/fbAQLP

exports[`Edit component should render 1`] = `
<DocumentFragment>
  <div
    class="editForm"
  >
    <strong>
      Edit Blog for UserID : 2 & PostID : 1
    </strong>
    <input
      class="editForm-input"
      name="title"
      placeholder="Title"
      type="text"
      value=""
    />
    <textarea
      class="editForm-input"
      name="body"
      placeholder="Body"
    />
    <button
      class="editForm-btn"
      data-testid="submit"
    >
      Submit
    </button>
  </div>
</DocumentFragment>
`;
